
> erp-system@1.1.0 build
> vite build

[36mvite v8.0.3 [32mbuilding client environment for production...[36m[39m
[2K
transforming...ظ£ô 2298 modules transformed.
rendering chunks...
computing gzip size...
dist/registerSW.js                  0.13 kB
dist/manifest.webmanifest           0.51 kB
dist/index.html                     0.58 kB ظ¤é gzip:   0.34 kB
dist/assets/index-D6OHb-S4.css     42.62 kB ظ¤é gzip:   8.25 kB
dist/assets/index-CFmwOpW8.js   1,050.04 kB ظ¤é gzip: 310.95 kB

node.exe : [33m[33m[PLUGIN_TIMINGS] Warning:[0m Your build spent 
significant time in plugins. Here is a breakdown:
At line:1 char:1
+ & "C:\Program Files\nodejs/node.exe" "C:\Program Files\nodejs/node_mo ...
+ ~~~~~~~~~~~~~~~~~~~~~~~~~~~~~~~~~~~~~~~~~~~~~~~~~~~~~~~~~~~~~~~~~~~~~
    + CategoryInfo          : NotSpecified: ([33m[33m[PLUG...is a breakdown: 
   :String) [], RemoteException
    + FullyQualifiedErrorId : NativeCommandError
 
  - rolldown:vite-resolve (46%)
  - vite:build-html (26%)
  - vite:css (17%)
See https://rolldown.rs/options/checks#plugintimings for more details.
[39m
[33m[plugin builtin:vite-reporter] 
(!) Some chunks are larger than 500 kB after minification. Consider:
- Using dynamic import() to code-split the application
- Use build.rolldownOptions.output.codeSplitting to improve chunking: 
https://rolldown.rs/reference/OutputOptions.codeSplitting
- Adjust chunk size limit for this warning via 
build.chunkSizeWarningLimit.[39m
[32mظ£ô built in 6.89s[39m

PWA v1.2.0
mode      generateSW
precache  12 entries (1067.76 KiB)
files generated
  dist/sw.js
  dist/workbox-8c29f6e4.js
